- Сборка через CMake (версии 3.7 и выше)
$ cmake .
$ make

- Сборка через GCC
$ gcc -c -Wall -Werror -fpic confi.c
$ gcc -shared -o libconfi.so confi.o

- Установка напрямую в программму
$ cp confi.h libconfi.so /opt/my_app

- Установка в систему (CMake)
# make install

- Использование
$ gcc -Wall -o main main.c -lconfi
